C51 COMPILER V9.60.7.0   NIXIE                                                             04/26/2024 22:10:58 PAGE 1   


C51 COMPILER V9.60.7.0, COMPILATION OF MODULE NIXIE
OBJECT MODULE PLACED IN .\Objects\Nixie.obj
COMPILER INVOKED BY: D:\Program\MDK51_32\C51\BIN\C51.EXE Nixie.c OPTIMIZE(8,SPEED) BROWSE DEBUG OBJECTEXTEND PRINT(.\Lis
                    -tings\Nixie.lst) OBJECT(.\Objects\Nixie.obj)

line level    source

   1          #include <REGX52.H>
   2          #include "Delay.h"
   3          
   4          unsigned char NixieBuf[9] = {0,10,10,10,10,10,10,10,10};
   5          
   6          unsigned char NixieTable[] = {
   7                  0x3f,   // 0
   8                  0x06,   // 1
   9                  0x5b,   // 2
  10                  0x4f,   // 3
  11                  0x66,   // 4
  12                  0x6d,   // 5
  13                  0x7d,   // 6
  14                  0x07,   // 7
  15                  0x7f,   // 8
  16                  0x6f,   // 9
  17              0x40    // -
  18          };
  19          
  20          /**
  21            * @brief 数码管显示数字
  22            * @param  Location 显示第几个数码管
  23            * @param  Number 显示的数字，0~9 或 -
  24            * @retval 无
  25            */
  26          void Nixie(unsigned char Location, Number)
  27          {
  28   1          NixieBuf[Location]=Number;
  29   1      }
  30          
  31          /**
  32            * @brief 扫描数码管
  33            * @param  Location 显示第几个数码管
  34            * @param  Number 显示数字，0~9 或 -
  35            * @retval 无
  36            */
  37          void Nixie_Scan(unsigned char Location, Number)
  38          {
  39   1          // 先清零
  40   1              P=0x00;
  41   1          
  42   1          // 段选
  43   1              switch(Location)
  44   1              {
  45   2                      case 1: P2_4=1; P2_3=1; P2_2=1; break;
  46   2                      case 2: P2_4=1; P2_3=1; P2_2=0; break;
  47   2                      case 3: P2_4=1; P2_3=0; P2_2=1; break;
  48   2                      case 4: P2_4=1; P2_3=0; P2_2=0; break;
  49   2                      case 5: P2_4=0; P2_3=1; P2_2=1; break;
  50   2                      case 6: P2_4=0; P2_3=1; P2_2=0; break;
  51   2                      case 7: P2_4=0; P2_3=0; P2_2=1; break;
  52   2                      case 8: P2_4=0; P2_3=0; P2_2=0; break;
  53   2                      default: break;
  54   2              }
C51 COMPILER V9.60.7.0   NIXIE                                                             04/26/2024 22:10:58 PAGE 2   

  55   1      
  56   1          // 位选
  57   1              P0=NixieTable[Number];
  58   1      }
  59          
  60          /**
  61            * @brief 定时扫描数码管时的单次执行程序
  62            * @param  无
  63            * @retval 无
  64            */
  65          void Nixie_Loop(void)
  66          {
  67   1          static unsigned char i=1;
  68   1          Nixie_Scan(i, NixieBuf[i]);
  69   1          if(++i>=9)i=0;
  70   1      }


MODULE INFORMATION:   STATIC OVERLAYABLE
   CODE SIZE        =    137    ----
   CONSTANT SIZE    =   ----    ----
   XDATA SIZE       =   ----    ----
   PDATA SIZE       =   ----    ----
   DATA SIZE        =     21    ----
   IDATA SIZE       =   ----    ----
   BIT SIZE         =   ----    ----
END OF MODULE INFORMATION.


C51 COMPILATION COMPLETE.  0 WARNING(S),  0 ERROR(S)
