C51 COMPILER V9.60.7.0   PASSWORDLOCK                                                      04/20/2024 14:44:13 PAGE 1   


C51 COMPILER V9.60.7.0, COMPILATION OF MODULE PASSWORDLOCK
OBJECT MODULE PLACED IN .\Objects\PassWordLock.obj
COMPILER INVOKED BY: D:\Program\Keil5\C51\BIN\C51.EXE PassWordLock.c OPTIMIZE(8,SPEED) BROWSE DEBUG OBJECTEXTEND PRINT(.
                    -\Listings\PassWordLock.lst) OBJECT(.\Objects\PassWordLock.obj)

line level    source

   1          #include "MatrixKey.h"
   2          #include "Tip.h"
   3          #include "PassWord.h"
   4          
   5          unsigned char KeyNum;
   6          unsigned int PassWord,Count;
   7          unsigned int CorrectPassWord=1234;
   8          
   9          // 输入密码
  10          void InputPassWord()
  11          {
  12   1          if(Count>=4) return;
  13   1          Count++;
  14   1          
  15   1          PassWord=PassWord*10+KeyNum%10;
  16   1          ShowPassWord(PassWord);
  17   1          
  18   1          ShowNth();
  19   1      }
  20          
  21          // 确认密码
  22          void ConfirmPassWord()
  23          {
  24   1          if(PassWord==CorrectPassWord) ShowOK();
  25   1          else ShowERR();
  26   1          
  27   1          Count=0;
  28   1          
  29   1          PassWord=0;
  30   1          ShowPassWord(PassWord);
  31   1      }
  32          
  33          // 重置密码
  34          void ResetPassWord()
  35          {
  36   1          Count=0;
  37   1          
  38   1          PassWord=0;
  39   1          ShowPassWord(PassWord);
  40   1          
  41   1          ShowNth();
  42   1      }
  43          
  44          // 撤销密码
  45          void BackPassWord()
  46          {
  47   1          if(Count<=0) return;
  48   1          Count--;
  49   1          
  50   1          PassWord=PassWord/10;
  51   1          ShowPassWord(PassWord);
  52   1          
  53   1          ShowNth();
  54   1      }
C51 COMPILER V9.60.7.0   PASSWORDLOCK                                                      04/20/2024 14:44:13 PAGE 2   

  55          
  56          // 密码锁编排
  57          void PassWordLock(){
  58   1          KeyNum=MatrixKey();
  59   1          if(!KeyNum) return;
  60   1          
  61   1          if(KeyNum<=10) InputPassWord();
  62   1          else if(KeyNum==11) ConfirmPassWord();
  63   1          else if(KeyNum==12) ResetPassWord();
  64   1          else if(KeyNum==13) BackPassWord();
  65   1      }


MODULE INFORMATION:   STATIC OVERLAYABLE
   CODE SIZE        =    191    ----
   CONSTANT SIZE    =   ----    ----
   XDATA SIZE       =   ----    ----
   PDATA SIZE       =   ----    ----
   DATA SIZE        =      7    ----
   IDATA SIZE       =   ----    ----
   BIT SIZE         =   ----    ----
END OF MODULE INFORMATION.


C51 COMPILATION COMPLETE.  0 WARNING(S),  0 ERROR(S)
