C51 COMPILER V9.60.7.0   PASSWORD                                                          04/20/2024 14:24:00 PAGE 1   


C51 COMPILER V9.60.7.0, COMPILATION OF MODULE PASSWORD
OBJECT MODULE PLACED IN .\Objects\PassWord.obj
COMPILER INVOKED BY: D:\Program\Keil5\C51\BIN\C51.EXE PassWord.c OPTIMIZE(8,SPEED) BROWSE DEBUG OBJECTEXTEND PRINT(.\Lis
                    -tings\PassWord.lst) OBJECT(.\Objects\PassWord.obj)

line level    source

   1          #include "LCD1602.h"
   2          
   3          // 显示密码
   4          void ShowPassWord(unsigned int PassWord)
   5          {
   6   1          LCD_ShowNum(2,1,PassWord,4);
   7   1      }


MODULE INFORMATION:   STATIC OVERLAYABLE
   CODE SIZE        =     14    ----
   CONSTANT SIZE    =   ----    ----
   XDATA SIZE       =   ----    ----
   PDATA SIZE       =   ----    ----
   DATA SIZE        =   ----    ----
   IDATA SIZE       =   ----    ----
   BIT SIZE         =   ----    ----
END OF MODULE INFORMATION.


C51 COMPILATION COMPLETE.  0 WARNING(S),  0 ERROR(S)
