C51 COMPILER V9.60.7.0   TWINKLETWINKLELITTLESTAR                                          04/24/2024 21:48:53 PAGE 1   


C51 COMPILER V9.60.7.0, COMPILATION OF MODULE TWINKLETWINKLELITTLESTAR
OBJECT MODULE PLACED IN .\Objects\TwinkleTwinkleLittleStar.obj
COMPILER INVOKED BY: D:\Program\MDK51_32\C51\BIN\C51.EXE TwinkleTwinkleLittleStar.c OPTIMIZE(8,SPEED) BROWSE DEBUG OBJEC
                    -TEXTEND PRINT(.\Listings\TwinkleTwinkleLittleStar.lst) OBJECT(.\Objects\TwinkleTwinkleLittleStar.obj)

line level    source

   1          #include <REGX52.H>
   2          #include "Timer0.h"
   3          
   4          // 蜂鸣器端口位定义
   5          sbit Buzzer=P2^5;
   6          
   7          void TwinkleTwinkleLittleStar_Play(void)
   8          {
   9   1          Timer0_Init();
  10   1      }
  11          
  12          /**
  13            * @brief 定时器0终端执行程序
  14            * @param  无
  15            * @retval 无
  16            */
  17          void Timer0_Routine() interrupt 1
  18          {
  19   1          TL0 = 0x66;
  20   1          TH0 = 0xFC;
  21   1          
  22   1          // 蜂鸣器位翻转
  23   1          Buzzer=!Buzzer;
  24   1      }


MODULE INFORMATION:   STATIC OVERLAYABLE
   CODE SIZE        =     12    ----
   CONSTANT SIZE    =   ----    ----
   XDATA SIZE       =   ----    ----
   PDATA SIZE       =   ----    ----
   DATA SIZE        =   ----    ----
   IDATA SIZE       =   ----    ----
   BIT SIZE         =   ----    ----
END OF MODULE INFORMATION.


C51 COMPILATION COMPLETE.  0 WARNING(S),  0 ERROR(S)
